// Jest Snapshot v1, https://goo.gl/fbAQLP

exports[`Test ContentContainer 1`] = `
<div
  className="sc-bdvvtL gMSJIZ"
>
  <div>
    <h1>
       Hola 
    </h1>
  </div>
</div>
`;
