// Jest Snapshot v1, https://goo.gl/fbAQLP

exports[`Test TextCreatePassword 1`] = `
<div
  className="sc-dkPtRN kBTENw"
>
  <p
    className="sc-bdvvtL jlpmb"
    fontWeight={500}
    size="30px"
  >
    Prueba texto cabecera
  </p>
  <div
    className="sc-gsDKAQ leMPoW"
  />
</div>
`;
