// Jest Snapshot v1, https://goo.gl/fbAQLP

exports[`Test BasicButton 1`] = `
<button
  className="sc-bdvvtL fUgaqB"
  color="blue"
  type="button"
>
  <div
    className="sc-gsDKAQ hznLYe"
  >
    Bot√≥n de prueba
  </div>
</button>
`;
