// Jest Snapshot v1, https://goo.gl/fbAQLP

exports[`Test ImageCustom 1`] = `
<img
  alt="test"
  className="sc-bdvvtL kbhvXq"
  src="./img.png"
/>
`;
